[36mvite v6.4.1 [32mbuilding for production...[36m[39m
transforming...
[32mΓ£ô[39m 35 modules transformed.
node.exe : 
[31mΓ£ù[39m Build 
failed in 168ms
At C:\Program Files\n
odejs\npx.ps1:29 
char:3
+   & $NODE_EXE 
$NPX_CLI_JS $args
+   ~~~~~~~~~~~~~~~~~
~~~~~~~~~~~~
    + CategoryInfo   
           : NotSpe  
  cified: ([31mΓ£   
 ù[39m Build fai    
led in 168ms:Str    
ing) [], RemoteE    
xception
    + FullyQualified 
   ErrorId : Native  
  CommandError
 
[31merror during 
build:
[31m[vite:load-fallb
ack] Could not load 
gsap-trial (imported 
by src/components/uti
ls/splitText.js): 
ENOENT: no such file 
or directory, open 'C
:\Users\user\Download
s\Portfolio\Vale_Port
folio_and_Resume\vale
ntineagam-portfolio\g
sap-trial'[31m
    at async open (no
de:internal/fs/promis
es:638:25)
    at async 
Object.readFile (node
:internal/fs/promises
:1238:14)
    at async 
Object.handler (file:
///C:/Users/user/Down
loads/Portfolio/Vale_
Portfolio_and_Resume/
valentineagam-portfol
io/node_modules/vite/
dist/node/chunks/dep-
D4NMHUTW.js:45872:27)
    at async PluginDr
iver.hookFirstAndGetP
lugin (file:///C:/Use
rs/user/Downloads/Por
tfolio/Vale_Portfolio
_and_Resume/valentine
agam-portfolio/node_m
odules/rollup/dist/es
/shared/node-entry.js
:22376:28)
    at async file:///
C:/Users/user/Downloa
ds/Portfolio/Vale_Por
tfolio_and_Resume/val
entineagam-portfolio/
node_modules/rollup/d
ist/es/shared/node-en
try.js:21376:33
    at async 
Queue.work (file:///C
:/Users/user/Download
s/Portfolio/Vale_Port
folio_and_Resume/vale
ntineagam-portfolio/n
ode_modules/rollup/di
st/es/shared/node-ent
ry.js:22604:32)[39m
